// Jest Snapshot v1, https://goo.gl/fbAQLP

exports[`Componente PokemonPicture Debe hacer match con snapshot 1`] = `<div class="pokemon-container"><img src="https://raw.githubusercontent.com/PokeAPI/sprites/master/sprites/pokemon/other/dream-world/1.svg" class="hidden-pokemon" alt="pokemon"></div>`;

exports[`Componente PokemonPicture Debe mostrar la imagen del pokemon si showPokemon = true 1`] = `<div class="pokemon-container"><img src="https://raw.githubusercontent.com/PokeAPI/sprites/master/sprites/pokemon/other/dream-world/1.svg" class="fade-in" alt="pokemon"></div>`;
