// Jest Snapshot v1, https://goo.gl/fbAQLP

exports[`PokemonPage Component Debe hacer match con el snapshot 1`] = `<h1> Espere por favor </h1>`;

exports[`PokemonPage Component debe hacer match con el snapshot cuando salgan los pokemons 1`] = `
<div>
  <h1>¿ Quién es este Pokemon ?</h1><!-- Imagen Pokemon -->
  <pokemon-picture-stub pokemonid="1" showpokemon="false"></pokemon-picture-stub><!-- Opciones Pokemon -->
  <pokemon-options-stub pokemons="[object Object],[object Object],[object Object],[object Object]"></pokemon-options-stub>
  <!--v-if-->
</div>
`;
