// Jest Snapshot v1, https://goo.gl/fbAQLP

exports[`Componente Counter Debe hacer match con el snapshot 1`] = `
<h2>Counter</h2>
<p>10<sup>2</sup> = 100</p>
<div><button> +1 </button><button> -1 </button></div>
`;
